// Jest Snapshot v1, https://goo.gl/fbAQLP

exports[`Testing Checkout.jsx snapshot 1`] = `
<div
  className="container"
  style={
    Object {
      "marginTop": "4rem",
    }
  }
>
  <h1>
    Order Details
  </h1>
  <table>
    <thead>
      <tr>
        <th>
          Item Name
        </th>
        <th>
          Qty
        </th>
        <th>
          Price
        </th>
        <th>
          Q x P
        </th>
      </tr>
    </thead>
    <tbody>
      <tr>
        <td>
          Chai
        </td>
        <td>
          4
        </td>
        <td>
          20
        </td>
        <th>
          80
        </th>
      </tr>
      <tr>
        <td>
          Cold Coffe
        </td>
        <td>
          1
        </td>
        <td>
          40
        </td>
        <th>
          40
        </th>
      </tr>
    </tbody>
  </table>
  <h4>
    Total :
     
    120
  </h4>
  <button>
    Place order
  </button>
</div>
`;
