// Jest Snapshot v1, https://goo.gl/fbAQLP

exports[`Card renders with appropriate restaurant data 1`] = `
<div
  className="card"
>
  <img
    alt="..."
    className="card-img-top"
    src="https://mdbootstrap.com/img/new/standard/nature/184.jpg"
  />
  <div
    className="card-body"
  >
    <h5
      className="card-title"
    >
      Annapoorna
    </h5>
    <div
      className="card-text"
    >
      <div
        className="flex-nowrap scrollableDiv"
      >
        <div
          className="chip"
          style={
            Object {
              "display": "inline-block",
              "width": "fit-content",
            }
          }
        >
          bread-butter
        </div>
        <div
          className="chip"
          style={
            Object {
              "display": "inline-block",
              "width": "fit-content",
            }
          }
        >
          Mexiacan tomatoes
        </div>
        <div
          className="chip"
          style={
            Object {
              "display": "inline-block",
              "width": "fit-content",
            }
          }
        >
          italian burger 
        </div>
      </div>
       
      <br />
      Pune
       
      <br />
      Ratings: 
      <br />
      <div
        className="react-stars-wrapper-"
        style={
          Object {
            "display": "flex",
          }
        }
      >
        <div
          aria-label="add rating by typing an integer from 0 to 5 or pressing arrow keys"
          className=""
          onKeyDown={[Function]}
          style={
            Object {
              "overflow": "hidden",
              "position": "relative",
            }
          }
          tabIndex={null}
        >
          <style
            dangerouslySetInnerHTML={
              Object {
                "__html": "
    .react-stars-:before {
      position: absolute;
      overflow: hidden;
      display: block;
      z-index: 1;
      top: 0; left: 0;
      width: 50%;
      content: attr(data-forhalf);
      color: #ffd700;
  }",
              }
            }
          />
          <p
            role="status"
            style={
              Object {
                "left": "-200rem",
                "position": "absolute",
              }
            }
          >
            0
          </p>
        </div>
      </div>
      4
      /5
    </div>
    <a
      className="btn btn-primary"
      href="/restaurant/undefined"
      onClick={[Function]}
    >
      VIEW MORE
    </a>
  </div>
</div>
`;
